============================================================================
AD4TJ DISCLOSURE-SAFE CODEBOOK
============================================================================
Dataset      : returns.csv
Source file  : examples/income_tax/returns.csv
Rows         : 24000
Columns      : 7

Disclosure-control rules applied to this log:
  - counts below 10 are suppressed
  - numeric summaries rounded to 3 significant figures
  - exact minimum and maximum values are NEVER released
  - category values listed only when distinct count <= 20
  - identifier / high-cardinality column values are not listed

This file contains NO individual-level data points. The data lab must
still review it against local disclosure policy before release.
============================================================================

----------------------------------------------------------------------------
VARIABLE: taxpayer_id
  kind            : identifier
  storage dtype   : int64
  non-missing     : 24000
  missing         : 0 (0.0%)
  distinct values : 4000
  unique per row  : False
  note            : Column name matches an identifier pattern; treated as a direct identifier -- values and distribution (mean/quantiles) NOT released.
----------------------------------------------------------------------------
VARIABLE: tax_year
  kind            : numeric
  storage dtype   : int64
  non-missing     : 24000
  missing         : 0 (0.0%)
  integer-valued  : True
  # zero          : 0
  # negative      : 0
  # positive      : 24000
  looks coded     : yes (few distinct integer values - likely a code list)
  distinct values : 6
  value counts    :
                    '2018' : 4000
                    '2019' : 4000
                    '2020' : 4000
                    '2021' : 4000
                    '2022' : 4000
                    '2023' : 4000
  mean (rounded)  : 2020.0
  sd (rounded)    : 1.71
  approx range    : 2020.0 .. 2020.0  (rounded p1-p99)
  quantiles       : p1=2020.0  p5=2020.0  p10=2020.0  p25=2020.0  p50=2020.0  p75=2020.0  p90=2020.0  p95=2020.0  p99=2020.0
  note            : Exact min/max withheld; range shown is rounded p1-p99. All numeric summaries rounded to 3 significant figures.
----------------------------------------------------------------------------
VARIABLE: gross_income
  kind            : numeric
  storage dtype   : float64
  non-missing     : 23532
  missing         : 468 (1.9%)
  integer-valued  : False
  # zero          : 0
  # negative      : 0
  # positive      : 23532
  mean (rounded)  : 40300.0
  sd (rounded)    : 45000.0
  approx range    : 3230.0 .. 215000.0  (rounded p1-p99)
  quantiles       : p1=3230.0  p5=6070.0  p10=8460.0  p25=14700.0  p50=26900.0  p75=49000.0  p90=85400.0  p95=118000.0  p99=215000.0
  note            : Exact min/max withheld; range shown is rounded p1-p99. All numeric summaries rounded to 3 significant figures.
----------------------------------------------------------------------------
VARIABLE: taxable_income
  kind            : numeric
  storage dtype   : float64
  non-missing     : 24000
  missing         : 0 (0.0%)
  integer-valued  : False
  # zero          : 0
  # negative      : 0
  # positive      : 24000
  mean (rounded)  : 37800.0
  sd (rounded)    : 44600.0
  approx range    : 2660.0 .. 211000.0  (rounded p1-p99)
  quantiles       : p1=2660.0  p5=5200.0  p10=7280.0  p25=13000.0  p50=24600.0  p75=45800.0  p90=81200.0  p95=114000.0  p99=211000.0
  note            : Exact min/max withheld; range shown is rounded p1-p99. All numeric summaries rounded to 3 significant figures.
----------------------------------------------------------------------------
VARIABLE: deductions_claimed
  kind            : numeric
  storage dtype   : float64
  non-missing     : 24000
  missing         : 0 (0.0%)
  integer-valued  : False
  # zero          : 0
  # negative      : 0
  # positive      : 24000
  mean (rounded)  : 2470.0
  sd (rounded)    : 2580.0
  approx range    : 49.6 .. 12200.0  (rounded p1-p99)
  quantiles       : p1=49.6  p5=238.0  p10=416.0  p25=855.0  p50=1710.0  p75=3180.0  p90=5350.0  p95=7160.0  p99=12200.0
  note            : Exact min/max withheld; range shown is rounded p1-p99. All numeric summaries rounded to 3 significant figures.
----------------------------------------------------------------------------
VARIABLE: tax_due
  kind            : numeric
  storage dtype   : float64
  non-missing     : 24000
  missing         : 0 (0.0%)
  integer-valued  : False
  # zero          : 0
  # negative      : 0
  # positive      : 24000
  mean (rounded)  : 7570.0
  sd (rounded)    : 8920.0
  approx range    : 531.0 .. 42100.0  (rounded p1-p99)
  quantiles       : p1=531.0  p5=1040.0  p10=1460.0  p25=2600.0  p50=4910.0  p75=9170.0  p90=16200.0  p95=22900.0  p99=42100.0
  note            : Exact min/max withheld; range shown is rounded p1-p99. All numeric summaries rounded to 3 significant figures.
----------------------------------------------------------------------------
VARIABLE: filing_status
  kind            : numeric
  storage dtype   : int64
  non-missing     : 24000
  missing         : 0 (0.0%)
  integer-valued  : True
  # zero          : 0
  # negative      : 0
  # positive      : 24000
  looks coded     : yes (few distinct integer values - likely a code list)
  distinct values : 4
  value counts    :
                       '1' : 10826
                       '2' : 8417
                       '4' : 2391
                       '3' : 2366
  mean (rounded)  : 1.85
  sd (rounded)    : 0.962
  approx range    : 1.0 .. 4.0  (rounded p1-p99)
  quantiles       : p1=1.0  p5=1.0  p10=1.0  p25=1.0  p50=2.0  p75=2.0  p90=3.0  p95=4.0  p99=4.0
  note            : Exact min/max withheld; range shown is rounded p1-p99. All numeric summaries rounded to 3 significant figures.
----------------------------------------------------------------------------

END OF CODEBOOK
